// Jest Snapshot v1, https://goo.gl/fbAQLP

exports[`Pagination Test should render correctly 1`] = `
Object {
  "asFragment": [Function],
  "baseElement": <body>
    <div>
      <div
        class="inline-flex -space-x-px"
      >
        <button
          class="
          py-2 px-3 ml-0 leading-tight
          rounded-l-lg border
           bg-primary-black border-gray-700
           text-gray-400 hover:bg-gray-700 hover:text-white
          cursor-not-allowed opacity-40"
          disabled=""
          type="button"
        >
          <svg
            aria-hidden="true"
            class="w-5 h-5"
            fill="currentColor"
            viewBox="0 0 20 20"
            xmlns="http://www.w3.org/2000/svg"
          >
            <path
              clip-rule="evenodd"
              d="M12.707 5.293a1 1 0 010 1.414L9.414 10l3.293 3.293a1 1 0 01-1.414 1.414l-4-4a1 1 0 010-1.414l4-4a1 1 0 011.414 0z"
              fill-rule="evenodd"
            />
          </svg>
        </button>
        <div
          class="flex items-center justify-center flex-grow"
        >
          <span
            class="py-2 px-3 leading-tight border cursor-pointer
          bg-primary-black border-gray-700  hover:bg-gray-700 hover:text-white text-white"
          >
            1
          </span>
        </div>
        <button
          class="
         py-2 px-3 ml-0 leading-tight
          rounded-r-lg border
           bg-primary-black border-gray-700
           text-gray-400 hover:bg-gray-700 hover:text-white
                    cursor-not-allowed opacity-40"
          disabled=""
          type="button"
        >
          <svg
            aria-hidden="true"
            class="w-5 h-5"
            fill="currentColor"
            viewBox="0 0 20 20"
            xmlns="http://www.w3.org/2000/svg"
          >
            <path
              clip-rule="evenodd"
              d="M7.293 14.707a1 1 0 010-1.414L10.586 10 7.293 6.707a1 1 0 011.414-1.414l4 4a1 1 0 010 1.414l-4 4a1 1 0 01-1.414 0z"
              fill-rule="evenodd"
            />
          </svg>
        </button>
      </div>
    </div>
  </body>,
  "container": <div>
    <div
      class="inline-flex -space-x-px"
    >
      <button
        class="
          py-2 px-3 ml-0 leading-tight
          rounded-l-lg border
           bg-primary-black border-gray-700
           text-gray-400 hover:bg-gray-700 hover:text-white
          cursor-not-allowed opacity-40"
        disabled=""
        type="button"
      >
        <svg
          aria-hidden="true"
          class="w-5 h-5"
          fill="currentColor"
          viewBox="0 0 20 20"
          xmlns="http://www.w3.org/2000/svg"
        >
          <path
            clip-rule="evenodd"
            d="M12.707 5.293a1 1 0 010 1.414L9.414 10l3.293 3.293a1 1 0 01-1.414 1.414l-4-4a1 1 0 010-1.414l4-4a1 1 0 011.414 0z"
            fill-rule="evenodd"
          />
        </svg>
      </button>
      <div
        class="flex items-center justify-center flex-grow"
      >
        <span
          class="py-2 px-3 leading-tight border cursor-pointer
          bg-primary-black border-gray-700  hover:bg-gray-700 hover:text-white text-white"
        >
          1
        </span>
      </div>
      <button
        class="
         py-2 px-3 ml-0 leading-tight
          rounded-r-lg border
           bg-primary-black border-gray-700
           text-gray-400 hover:bg-gray-700 hover:text-white
                    cursor-not-allowed opacity-40"
        disabled=""
        type="button"
      >
        <svg
          aria-hidden="true"
          class="w-5 h-5"
          fill="currentColor"
          viewBox="0 0 20 20"
          xmlns="http://www.w3.org/2000/svg"
        >
          <path
            clip-rule="evenodd"
            d="M7.293 14.707a1 1 0 010-1.414L10.586 10 7.293 6.707a1 1 0 011.414-1.414l4 4a1 1 0 010 1.414l-4 4a1 1 0 01-1.414 0z"
            fill-rule="evenodd"
          />
        </svg>
      </button>
    </div>
  </div>,
  "debug": [Function],
  "findAllByAltText": [Function],
  "findAllByDisplayValue": [Function],
  "findAllByLabelText": [Function],
  "findAllByPlaceholderText": [Function],
  "findAllByRole": [Function],
  "findAllByTestId": [Function],
  "findAllByText": [Function],
  "findAllByTitle": [Function],
  "findByAltText": [Function],
  "findByDisplayValue": [Function],
  "findByLabelText": [Function],
  "findByPlaceholderText": [Function],
  "findByRole": [Function],
  "findByTestId": [Function],
  "findByText": [Function],
  "findByTitle": [Function],
  "getAllByAltText": [Function],
  "getAllByDisplayValue": [Function],
  "getAllByLabelText": [Function],
  "getAllByPlaceholderText": [Function],
  "getAllByRole": [Function],
  "getAllByTestId": [Function],
  "getAllByText": [Function],
  "getAllByTitle": [Function],
  "getByAltText": [Function],
  "getByDisplayValue": [Function],
  "getByLabelText": [Function],
  "getByPlaceholderText": [Function],
  "getByRole": [Function],
  "getByTestId": [Function],
  "getByText": [Function],
  "getByTitle": [Function],
  "queryAllByAltText": [Function],
  "queryAllByDisplayValue": [Function],
  "queryAllByLabelText": [Function],
  "queryAllByPlaceholderText": [Function],
  "queryAllByRole": [Function],
  "queryAllByTestId": [Function],
  "queryAllByText": [Function],
  "queryAllByTitle": [Function],
  "queryByAltText": [Function],
  "queryByDisplayValue": [Function],
  "queryByLabelText": [Function],
  "queryByPlaceholderText": [Function],
  "queryByRole": [Function],
  "queryByTestId": [Function],
  "queryByText": [Function],
  "queryByTitle": [Function],
  "rerender": [Function],
  "unmount": [Function],
}
`;
